------------------------------------------------------------
Timing Analyzer Summary
------------------------------------------------------------

Type  : Slow 1100mV 85C Model Setup 'SCOMP:inst|IO_CYCLE'
Slack : -14.109
TNS   : -502.098

Type  : Slow 1100mV 85C Model Setup 'inst1|pll_main_inst|altera_pll_i|cyclonev_pll|counter[2].output_counter|divclk'
Slack : -10.931
TNS   : -174.253

Type  : Slow 1100mV 85C Model Setup 'oneshot_i2c:inst12|i2c_master:inst|data_clk'
Slack : -8.987
TNS   : -135.320

Type  : Slow 1100mV 85C Model Setup 'ADC_INTERFACE:inst6|NEW_SAMPLE'
Slack : -7.873
TNS   : -130.344

Type  : Slow 1100mV 85C Model Setup 'inst1|pll_main_inst|altera_pll_i|cyclonev_pll|counter[0].output_counter|divclk'
Slack : -7.449
TNS   : -117.213

Type  : Slow 1100mV 85C Model Setup 'clk_div:inst5|clock_10Hz'
Slack : -1.814
TNS   : -33.423

Type  : Slow 1100mV 85C Model Setup 'AUD_BCLK'
Slack : -1.297
TNS   : -19.818

Type  : Slow 1100mV 85C Model Hold 'SCOMP:inst|IO_CYCLE'
Slack : -1.847
TNS   : -2.933

Type  : Slow 1100mV 85C Model Hold 'AUD_BCLK'
Slack : 0.279
TNS   : 0.000

Type  : Slow 1100mV 85C Model Hold 'ADC_INTERFACE:inst6|NEW_SAMPLE'
Slack : 0.286
TNS   : 0.000

Type  : Slow 1100mV 85C Model Hold 'inst1|pll_main_inst|altera_pll_i|cyclonev_pll|counter[0].output_counter|divclk'
Slack : 0.305
TNS   : 0.000

Type  : Slow 1100mV 85C Model Hold 'inst1|pll_main_inst|altera_pll_i|cyclonev_pll|counter[2].output_counter|divclk'
Slack : 0.374
TNS   : 0.000

Type  : Slow 1100mV 85C Model Hold 'clk_div:inst5|clock_10Hz'
Slack : 0.383
TNS   : 0.000

Type  : Slow 1100mV 85C Model Hold 'oneshot_i2c:inst12|i2c_master:inst|data_clk'
Slack : 0.683
TNS   : 0.000

Type  : Slow 1100mV 85C Model Recovery 'clk_div:inst5|clock_10Hz'
Slack : -9.719
TNS   : -213.754

Type  : Slow 1100mV 85C Model Removal 'clk_div:inst5|clock_10Hz'
Slack : 0.936
TNS   : 0.000

Type  : Slow 1100mV 85C Model Minimum Pulse Width 'AUD_BCLK'
Slack : -2.174
TNS   : -97.166

Type  : Slow 1100mV 85C Model Minimum Pulse Width 'SCOMP:inst|IO_CYCLE'
Slack : -0.493
TNS   : -30.406

Type  : Slow 1100mV 85C Model Minimum Pulse Width 'ADC_INTERFACE:inst6|NEW_SAMPLE'
Slack : -0.394
TNS   : -25.173

Type  : Slow 1100mV 85C Model Minimum Pulse Width 'oneshot_i2c:inst12|i2c_master:inst|data_clk'
Slack : -0.394
TNS   : -13.026

Type  : Slow 1100mV 85C Model Minimum Pulse Width 'clk_div:inst5|clock_10Hz'
Slack : -0.394
TNS   : -11.202

Type  : Slow 1100mV 85C Model Minimum Pulse Width 'inst1|pll_main_inst|altera_pll_i|cyclonev_pll|fpll_0|fpll|vcoph[0]'
Slack : 1.666
TNS   : 0.000

Type  : Slow 1100mV 85C Model Minimum Pulse Width 'clock_50'
Slack : 9.670
TNS   : 0.000

Type  : Slow 1100mV 85C Model Minimum Pulse Width 'inst1|pll_main_inst|altera_pll_i|cyclonev_pll|counter[0].output_counter|divclk'
Slack : 40.445
TNS   : 0.000

Type  : Slow 1100mV 85C Model Minimum Pulse Width 'inst1|pll_main_inst|altera_pll_i|cyclonev_pll|counter[1].output_counter|cascadeout'
Slack : 416.666
TNS   : 0.000

Type  : Slow 1100mV 85C Model Minimum Pulse Width 'inst1|pll_main_inst|altera_pll_i|cyclonev_pll|counter[2].output_counter|divclk'
Slack : 1249.297
TNS   : 0.000

Type  : Slow 1100mV 0C Model Setup 'SCOMP:inst|IO_CYCLE'
Slack : -14.002
TNS   : -493.693

Type  : Slow 1100mV 0C Model Setup 'inst1|pll_main_inst|altera_pll_i|cyclonev_pll|counter[2].output_counter|divclk'
Slack : -9.947
TNS   : -157.868

Type  : Slow 1100mV 0C Model Setup 'oneshot_i2c:inst12|i2c_master:inst|data_clk'
Slack : -9.136
TNS   : -137.646

Type  : Slow 1100mV 0C Model Setup 'ADC_INTERFACE:inst6|NEW_SAMPLE'
Slack : -7.991
TNS   : -131.714

Type  : Slow 1100mV 0C Model Setup 'inst1|pll_main_inst|altera_pll_i|cyclonev_pll|counter[0].output_counter|divclk'
Slack : -6.873
TNS   : -106.872

Type  : Slow 1100mV 0C Model Setup 'clk_div:inst5|clock_10Hz'
Slack : -1.926
TNS   : -35.036

Type  : Slow 1100mV 0C Model Setup 'AUD_BCLK'
Slack : -1.229
TNS   : -18.515

Type  : Slow 1100mV 0C Model Hold 'SCOMP:inst|IO_CYCLE'
Slack : -1.786
TNS   : -2.852

Type  : Slow 1100mV 0C Model Hold 'AUD_BCLK'
Slack : 0.262
TNS   : 0.000

Type  : Slow 1100mV 0C Model Hold 'inst1|pll_main_inst|altera_pll_i|cyclonev_pll|counter[0].output_counter|divclk'
Slack : 0.284
TNS   : 0.000

Type  : Slow 1100mV 0C Model Hold 'ADC_INTERFACE:inst6|NEW_SAMPLE'
Slack : 0.290
TNS   : 0.000

Type  : Slow 1100mV 0C Model Hold 'clk_div:inst5|clock_10Hz'
Slack : 0.360
TNS   : 0.000

Type  : Slow 1100mV 0C Model Hold 'inst1|pll_main_inst|altera_pll_i|cyclonev_pll|counter[2].output_counter|divclk'
Slack : 0.389
TNS   : 0.000

Type  : Slow 1100mV 0C Model Hold 'oneshot_i2c:inst12|i2c_master:inst|data_clk'
Slack : 0.726
TNS   : 0.000

Type  : Slow 1100mV 0C Model Recovery 'clk_div:inst5|clock_10Hz'
Slack : -9.698
TNS   : -213.288

Type  : Slow 1100mV 0C Model Removal 'clk_div:inst5|clock_10Hz'
Slack : 0.950
TNS   : 0.000

Type  : Slow 1100mV 0C Model Minimum Pulse Width 'AUD_BCLK'
Slack : -2.174
TNS   : -96.635

Type  : Slow 1100mV 0C Model Minimum Pulse Width 'SCOMP:inst|IO_CYCLE'
Slack : -0.471
TNS   : -29.861

Type  : Slow 1100mV 0C Model Minimum Pulse Width 'ADC_INTERFACE:inst6|NEW_SAMPLE'
Slack : -0.394
TNS   : -25.044

Type  : Slow 1100mV 0C Model Minimum Pulse Width 'oneshot_i2c:inst12|i2c_master:inst|data_clk'
Slack : -0.394
TNS   : -12.928

Type  : Slow 1100mV 0C Model Minimum Pulse Width 'clk_div:inst5|clock_10Hz'
Slack : -0.394
TNS   : -11.268

Type  : Slow 1100mV 0C Model Minimum Pulse Width 'inst1|pll_main_inst|altera_pll_i|cyclonev_pll|fpll_0|fpll|vcoph[0]'
Slack : 1.666
TNS   : 0.000

Type  : Slow 1100mV 0C Model Minimum Pulse Width 'clock_50'
Slack : 9.673
TNS   : 0.000

Type  : Slow 1100mV 0C Model Minimum Pulse Width 'inst1|pll_main_inst|altera_pll_i|cyclonev_pll|counter[0].output_counter|divclk'
Slack : 40.430
TNS   : 0.000

Type  : Slow 1100mV 0C Model Minimum Pulse Width 'inst1|pll_main_inst|altera_pll_i|cyclonev_pll|counter[1].output_counter|cascadeout'
Slack : 416.666
TNS   : 0.000

Type  : Slow 1100mV 0C Model Minimum Pulse Width 'inst1|pll_main_inst|altera_pll_i|cyclonev_pll|counter[2].output_counter|divclk'
Slack : 1249.242
TNS   : 0.000

Type  : Fast 1100mV 85C Model Setup 'SCOMP:inst|IO_CYCLE'
Slack : -8.764
TNS   : -314.119

Type  : Fast 1100mV 85C Model Setup 'inst1|pll_main_inst|altera_pll_i|cyclonev_pll|counter[2].output_counter|divclk'
Slack : -8.137
TNS   : -123.903

Type  : Fast 1100mV 85C Model Setup 'oneshot_i2c:inst12|i2c_master:inst|data_clk'
Slack : -6.304
TNS   : -89.888

Type  : Fast 1100mV 85C Model Setup 'inst1|pll_main_inst|altera_pll_i|cyclonev_pll|counter[0].output_counter|divclk'
Slack : -6.043
TNS   : -93.852

Type  : Fast 1100mV 85C Model Setup 'ADC_INTERFACE:inst6|NEW_SAMPLE'
Slack : -4.605
TNS   : -63.401

Type  : Fast 1100mV 85C Model Setup 'clk_div:inst5|clock_10Hz'
Slack : -0.647
TNS   : -11.582

Type  : Fast 1100mV 85C Model Setup 'AUD_BCLK'
Slack : -0.251
TNS   : -1.183

Type  : Fast 1100mV 85C Model Hold 'SCOMP:inst|IO_CYCLE'
Slack : -0.983
TNS   : -1.468

Type  : Fast 1100mV 85C Model Hold 'ADC_INTERFACE:inst6|NEW_SAMPLE'
Slack : 0.098
TNS   : 0.000

Type  : Fast 1100mV 85C Model Hold 'clk_div:inst5|clock_10Hz'
Slack : 0.151
TNS   : 0.000

Type  : Fast 1100mV 85C Model Hold 'AUD_BCLK'
Slack : 0.161
TNS   : 0.000

Type  : Fast 1100mV 85C Model Hold 'inst1|pll_main_inst|altera_pll_i|cyclonev_pll|counter[0].output_counter|divclk'
Slack : 0.179
TNS   : 0.000

Type  : Fast 1100mV 85C Model Hold 'inst1|pll_main_inst|altera_pll_i|cyclonev_pll|counter[2].output_counter|divclk'
Slack : 0.179
TNS   : 0.000

Type  : Fast 1100mV 85C Model Hold 'oneshot_i2c:inst12|i2c_master:inst|data_clk'
Slack : 0.301
TNS   : 0.000

Type  : Fast 1100mV 85C Model Recovery 'clk_div:inst5|clock_10Hz'
Slack : -5.570
TNS   : -122.522

Type  : Fast 1100mV 85C Model Removal 'clk_div:inst5|clock_10Hz'
Slack : 0.331
TNS   : 0.000

Type  : Fast 1100mV 85C Model Minimum Pulse Width 'AUD_BCLK'
Slack : -2.174
TNS   : -102.678

Type  : Fast 1100mV 85C Model Minimum Pulse Width 'SCOMP:inst|IO_CYCLE'
Slack : -0.270
TNS   : -4.158

Type  : Fast 1100mV 85C Model Minimum Pulse Width 'ADC_INTERFACE:inst6|NEW_SAMPLE'
Slack : 0.094
TNS   : 0.000

Type  : Fast 1100mV 85C Model Minimum Pulse Width 'oneshot_i2c:inst12|i2c_master:inst|data_clk'
Slack : 0.095
TNS   : 0.000

Type  : Fast 1100mV 85C Model Minimum Pulse Width 'clk_div:inst5|clock_10Hz'
Slack : 0.151
TNS   : 0.000

Type  : Fast 1100mV 85C Model Minimum Pulse Width 'inst1|pll_main_inst|altera_pll_i|cyclonev_pll|fpll_0|fpll|vcoph[0]'
Slack : 1.666
TNS   : 0.000

Type  : Fast 1100mV 85C Model Minimum Pulse Width 'clock_50'
Slack : 9.336
TNS   : 0.000

Type  : Fast 1100mV 85C Model Minimum Pulse Width 'inst1|pll_main_inst|altera_pll_i|cyclonev_pll|counter[0].output_counter|divclk'
Slack : 40.559
TNS   : 0.000

Type  : Fast 1100mV 85C Model Minimum Pulse Width 'inst1|pll_main_inst|altera_pll_i|cyclonev_pll|counter[1].output_counter|cascadeout'
Slack : 416.666
TNS   : 0.000

Type  : Fast 1100mV 85C Model Minimum Pulse Width 'inst1|pll_main_inst|altera_pll_i|cyclonev_pll|counter[2].output_counter|divclk'
Slack : 1249.548
TNS   : 0.000

Type  : Fast 1100mV 0C Model Setup 'SCOMP:inst|IO_CYCLE'
Slack : -8.092
TNS   : -287.571

Type  : Fast 1100mV 0C Model Setup 'inst1|pll_main_inst|altera_pll_i|cyclonev_pll|counter[2].output_counter|divclk'
Slack : -6.464
TNS   : -99.061

Type  : Fast 1100mV 0C Model Setup 'oneshot_i2c:inst12|i2c_master:inst|data_clk'
Slack : -6.305
TNS   : -89.361

Type  : Fast 1100mV 0C Model Setup 'inst1|pll_main_inst|altera_pll_i|cyclonev_pll|counter[0].output_counter|divclk'
Slack : -4.986
TNS   : -77.438

Type  : Fast 1100mV 0C Model Setup 'ADC_INTERFACE:inst6|NEW_SAMPLE'
Slack : -4.516
TNS   : -59.696

Type  : Fast 1100mV 0C Model Setup 'clk_div:inst5|clock_10Hz'
Slack : -0.600
TNS   : -10.383

Type  : Fast 1100mV 0C Model Setup 'AUD_BCLK'
Slack : -0.161
TNS   : -0.389

Type  : Fast 1100mV 0C Model Hold 'SCOMP:inst|IO_CYCLE'
Slack : -0.896
TNS   : -1.344

Type  : Fast 1100mV 0C Model Hold 'inst1|pll_main_inst|altera_pll_i|cyclonev_pll|counter[2].output_counter|divclk'
Slack : -0.335
TNS   : -2.400

Type  : Fast 1100mV 0C Model Hold 'ADC_INTERFACE:inst6|NEW_SAMPLE'
Slack : 0.085
TNS   : 0.000

Type  : Fast 1100mV 0C Model Hold 'AUD_BCLK'
Slack : 0.114
TNS   : 0.000

Type  : Fast 1100mV 0C Model Hold 'clk_div:inst5|clock_10Hz'
Slack : 0.122
TNS   : 0.000

Type  : Fast 1100mV 0C Model Hold 'inst1|pll_main_inst|altera_pll_i|cyclonev_pll|counter[0].output_counter|divclk'
Slack : 0.160
TNS   : 0.000

Type  : Fast 1100mV 0C Model Hold 'oneshot_i2c:inst12|i2c_master:inst|data_clk'
Slack : 0.277
TNS   : 0.000

Type  : Fast 1100mV 0C Model Recovery 'clk_div:inst5|clock_10Hz'
Slack : -5.335
TNS   : -117.352

Type  : Fast 1100mV 0C Model Removal 'clk_div:inst5|clock_10Hz'
Slack : 0.291
TNS   : 0.000

Type  : Fast 1100mV 0C Model Minimum Pulse Width 'AUD_BCLK'
Slack : -2.174
TNS   : -107.174

Type  : Fast 1100mV 0C Model Minimum Pulse Width 'SCOMP:inst|IO_CYCLE'
Slack : -0.187
TNS   : -2.529

Type  : Fast 1100mV 0C Model Minimum Pulse Width 'ADC_INTERFACE:inst6|NEW_SAMPLE'
Slack : 0.106
TNS   : 0.000

Type  : Fast 1100mV 0C Model Minimum Pulse Width 'oneshot_i2c:inst12|i2c_master:inst|data_clk'
Slack : 0.113
TNS   : 0.000

Type  : Fast 1100mV 0C Model Minimum Pulse Width 'clk_div:inst5|clock_10Hz'
Slack : 0.148
TNS   : 0.000

Type  : Fast 1100mV 0C Model Minimum Pulse Width 'inst1|pll_main_inst|altera_pll_i|cyclonev_pll|fpll_0|fpll|vcoph[0]'
Slack : 1.666
TNS   : 0.000

Type  : Fast 1100mV 0C Model Minimum Pulse Width 'clock_50'
Slack : 9.286
TNS   : 0.000

Type  : Fast 1100mV 0C Model Minimum Pulse Width 'inst1|pll_main_inst|altera_pll_i|cyclonev_pll|counter[0].output_counter|divclk'
Slack : 40.556
TNS   : 0.000

Type  : Fast 1100mV 0C Model Minimum Pulse Width 'inst1|pll_main_inst|altera_pll_i|cyclonev_pll|counter[1].output_counter|cascadeout'
Slack : 416.666
TNS   : 0.000

Type  : Fast 1100mV 0C Model Minimum Pulse Width 'inst1|pll_main_inst|altera_pll_i|cyclonev_pll|counter[2].output_counter|divclk'
Slack : 1249.539
TNS   : 0.000

------------------------------------------------------------
